DEPRECATION WARNING [legacy-js-api]: The legacy JS API is deprecated and will be removed in Dart Sass 2.0.0.

More info: https://sass-lang.com/d/legacy-js-api

DEPRECATION WARNING [import]: Sass @import rules are deprecated and will be removed in Dart Sass 3.0.0.

More info and automated migrator: https://sass-lang.com/d/import

  ╷
1 │ @import "@/assets/styles/variables.scss";@import './variables.scss';
  │         ^^^^^^^^^^^^^^^^^^^^^^^^^^^^^^^^
  ╵
    src\assets\styles\global.scss 1:9  root stylesheet

DEPRECATION WARNING [import]: Sass @import rules are deprecated and will be removed in Dart Sass 3.0.0.

More info and automated migrator: https://sass-lang.com/d/import

  ╷
1 │ @import "@/assets/styles/variables.scss";@import './variables.scss';
  │                                                  ^^^^^^^^^^^^^^^^^^
  ╵
    src\assets\styles\global.scss 1:50  root stylesheet

DEPRECATION WARNING [global-builtin]: Global built-in functions are deprecated and will be removed in Dart Sass 3.0.0.
Use color.adjust instead.

More info and automated migrator: https://sass-lang.com/d/import

   ╷
56 │   background: linear-gradient(135deg, $primary-color 0%, darken($primary-color, 10%) 100%);
   │                                                          ^^^^^^^^^^^^^^^^^^^^^^^^^^^
   ╵
    src\assets\styles\global.scss 56:58  root stylesheet

DEPRECATION WARNING [color-functions]: darken() is deprecated. Suggestions:

color.scale($color, $lightness: -18.4115523466%)
color.adjust($color, $lightness: -10%)

More info: https://sass-lang.com/d/color-functions

   ╷
56 │   background: linear-gradient(135deg, $primary-color 0%, darken($primary-color, 10%) 100%);
   │                                                          ^^^^^^^^^^^^^^^^^^^^^^^^^^^
   ╵
    src\assets\styles\global.scss 56:58  root stylesheet

DEPRECATION WARNING [legacy-js-api]: The legacy JS API is deprecated and will be removed in Dart Sass 2.0.0.

More info: https://sass-lang.com/d/legacy-js-api

DEPRECATION WARNING [import]: Sass @import rules are deprecated and will be removed in Dart Sass 3.0.0.

More info and automated migrator: https://sass-lang.com/d/import

  ╷
1 │ @import "@/assets/styles/variables.scss";
  │         ^^^^^^^^^^^^^^^^^^^^^^^^^^^^^^^^
  ╵
    src\views\sales\SalesWorkbench.vue 1:9  root stylesheet

DEPRECATION WARNING [legacy-js-api]: The legacy JS API is deprecated and will be removed in Dart Sass 2.0.0.

More info: https://sass-lang.com/d/legacy-js-api

DEPRECATION WARNING [import]: Sass @import rules are deprecated and will be removed in Dart Sass 3.0.0.

More info and automated migrator: https://sass-lang.com/d/import

  ╷
1 │ @import "@/assets/styles/variables.scss";@import './variables.scss';
  │         ^^^^^^^^^^^^^^^^^^^^^^^^^^^^^^^^
  ╵
    src\assets\styles\global.scss 1:9  root stylesheet

DEPRECATION WARNING [import]: Sass @import rules are deprecated and will be removed in Dart Sass 3.0.0.

More info and automated migrator: https://sass-lang.com/d/import

  ╷
1 │ @import "@/assets/styles/variables.scss";@import './variables.scss';
  │                                                  ^^^^^^^^^^^^^^^^^^
  ╵
    src\assets\styles\global.scss 1:50  root stylesheet

DEPRECATION WARNING [global-builtin]: Global built-in functions are deprecated and will be removed in Dart Sass 3.0.0.
Use color.adjust instead.

More info and automated migrator: https://sass-lang.com/d/import

   ╷
56 │   background: linear-gradient(135deg, $primary-color 0%, darken($primary-color, 10%) 100%);
   │                                                          ^^^^^^^^^^^^^^^^^^^^^^^^^^^
   ╵
    src\assets\styles\global.scss 56:58  root stylesheet

DEPRECATION WARNING [color-functions]: darken() is deprecated. Suggestions:

color.scale($color, $lightness: -18.4115523466%)
color.adjust($color, $lightness: -10%)

More info: https://sass-lang.com/d/color-functions

   ╷
56 │   background: linear-gradient(135deg, $primary-color 0%, darken($primary-color, 10%) 100%);
   │                                                          ^^^^^^^^^^^^^^^^^^^^^^^^^^^
   ╵
    src\assets\styles\global.scss 56:58  root stylesheet

[2m18:51:07[22m [31m[1m[vite][22m[39m Pre-transform error: The file does not exist at "E:/tools20260623/node_modules/.vite/deps/vue.js?v=d9f8aa59" which is in the optimize deps directory. The dependency might be incompatible with the dep optimizer. Try adding it to `optimizeDeps.exclude`.
[2m18:51:07[22m [31m[1m[vite][22m[39m Pre-transform error: The file does not exist at "E:/tools20260623/node_modules/.vite/deps/element-plus.js?v=465094c1" which is in the optimize deps directory. The dependency might be incompatible with the dep optimizer. Try adding it to `optimizeDeps.exclude`.
[2m18:51:07[22m [31m[1m[vite][22m[39m Pre-transform error: The file does not exist at "E:/tools20260623/node_modules/.vite/deps/pinia.js?v=9fa0e736" which is in the optimize deps directory. The dependency might be incompatible with the dep optimizer. Try adding it to `optimizeDeps.exclude`.
DEPRECATION WARNING [legacy-js-api]: The legacy JS API is deprecated and will be removed in Dart Sass 2.0.0.

More info: https://sass-lang.com/d/legacy-js-api

DEPRECATION WARNING [import]: Sass @import rules are deprecated and will be removed in Dart Sass 3.0.0.

More info and automated migrator: https://sass-lang.com/d/import

  ╷
1 │ @import "@/assets/styles/variables.scss";@import './variables.scss';
  │         ^^^^^^^^^^^^^^^^^^^^^^^^^^^^^^^^
  ╵
    src\assets\styles\global.scss 1:9  root stylesheet

DEPRECATION WARNING [import]: Sass @import rules are deprecated and will be removed in Dart Sass 3.0.0.

More info and automated migrator: https://sass-lang.com/d/import

  ╷
1 │ @import "@/assets/styles/variables.scss";@import './variables.scss';
  │                                                  ^^^^^^^^^^^^^^^^^^
  ╵
    src\assets\styles\global.scss 1:50  root stylesheet

DEPRECATION WARNING [global-builtin]: Global built-in functions are deprecated and will be removed in Dart Sass 3.0.0.
Use color.adjust instead.

More info and automated migrator: https://sass-lang.com/d/import

   ╷
56 │   background: linear-gradient(135deg, $primary-color 0%, darken($primary-color, 10%) 100%);
   │                                                          ^^^^^^^^^^^^^^^^^^^^^^^^^^^
   ╵
    src\assets\styles\global.scss 56:58  root stylesheet

DEPRECATION WARNING [color-functions]: darken() is deprecated. Suggestions:

color.scale($color, $lightness: -18.4115523466%)
color.adjust($color, $lightness: -10%)

More info: https://sass-lang.com/d/color-functions

   ╷
56 │   background: linear-gradient(135deg, $primary-color 0%, darken($primary-color, 10%) 100%);
   │                                                          ^^^^^^^^^^^^^^^^^^^^^^^^^^^
   ╵
    src\assets\styles\global.scss 56:58  root stylesheet

DEPRECATION WARNING [legacy-js-api]: The legacy JS API is deprecated and will be removed in Dart Sass 2.0.0.

More info: https://sass-lang.com/d/legacy-js-api

DEPRECATION WARNING [import]: Sass @import rules are deprecated and will be removed in Dart Sass 3.0.0.

More info and automated migrator: https://sass-lang.com/d/import

  ╷
1 │ @import "@/assets/styles/variables.scss";
  │         ^^^^^^^^^^^^^^^^^^^^^^^^^^^^^^^^
  ╵
    src\views\sales\SalesWorkbench.vue 1:9  root stylesheet

[2m15:25:29[22m [31m[1m[vite][22m[39m Pre-transform error: Failed to resolve import "axios" from "src/services/http.js". Does the file exist?
[2m15:25:29[22m [31m[1m[vite][22m[39m [31mInternal server error: Failed to resolve import "axios" from "src/services/http.js". Does the file exist?[39m
  Plugin: [35mvite:import-analysis[39m
  File: [36mE:/tools20260623/src/services/http.js[39m:2:20
[33m  1  |  // 统一 HTTP 客户端
  2  |  import axios from 'axios'
     |                     ^
  3  |  import { useAuthStore } from '@/stores/auth'
  4  |  [39m
      at TransformPluginContext._formatError (file:///E:/tools20260623/node_modules/vite/dist/node/chunks/dep-BK3b2jBa.js:49258:41)
      at TransformPluginContext.error (file:///E:/tools20260623/node_modules/vite/dist/node/chunks/dep-BK3b2jBa.js:49253:16)
      at normalizeUrl (file:///E:/tools20260623/node_modules/vite/dist/node/chunks/dep-BK3b2jBa.js:64307:23)
      at async file:///E:/tools20260623/node_modules/vite/dist/node/chunks/dep-BK3b2jBa.js:64439:39
      at async Promise.all (index 0)
      at async TransformPluginContext.transform (file:///E:/tools20260623/node_modules/vite/dist/node/chunks/dep-BK3b2jBa.js:64366:7)
      at async PluginContainer.transform (file:///E:/tools20260623/node_modules/vite/dist/node/chunks/dep-BK3b2jBa.js:49099:18)
      at async loadAndTransform (file:///E:/tools20260623/node_modules/vite/dist/node/chunks/dep-BK3b2jBa.js:51978:27)
      at async viteTransformMiddleware (file:///E:/tools20260623/node_modules/vite/dist/node/chunks/dep-BK3b2jBa.js:62106:24)
[2m15:31:03[22m [31m[1m[vite][22m[39m Pre-transform error: Failed to resolve import "axios" from "src/services/http.js". Does the file exist?
[2m15:31:03[22m [31m[1m[vite][22m[39m [31mInternal server error: Failed to resolve import "axios" from "src/services/http.js". Does the file exist?[39m
  Plugin: [35mvite:import-analysis[39m
  File: [36mE:/tools20260623/src/services/http.js[39m:2:20
[33m  1  |  // 统一 HTTP 客户端
  2  |  import axios from 'axios'
     |                     ^
  3  |  import { useAuthStore } from '@/stores/auth'
  4  |  [39m
      at TransformPluginContext._formatError (file:///E:/tools20260623/node_modules/vite/dist/node/chunks/dep-BK3b2jBa.js:49258:41)
      at TransformPluginContext.error (file:///E:/tools20260623/node_modules/vite/dist/node/chunks/dep-BK3b2jBa.js:49253:16)
      at normalizeUrl (file:///E:/tools20260623/node_modules/vite/dist/node/chunks/dep-BK3b2jBa.js:64307:23)
      at async file:///E:/tools20260623/node_modules/vite/dist/node/chunks/dep-BK3b2jBa.js:64439:39
      at async Promise.all (index 0)
      at async TransformPluginContext.transform (file:///E:/tools20260623/node_modules/vite/dist/node/chunks/dep-BK3b2jBa.js:64366:7)
      at async PluginContainer.transform (file:///E:/tools20260623/node_modules/vite/dist/node/chunks/dep-BK3b2jBa.js:49099:18)
      at async loadAndTransform (file:///E:/tools20260623/node_modules/vite/dist/node/chunks/dep-BK3b2jBa.js:51978:27)
      at async viteTransformMiddleware (file:///E:/tools20260623/node_modules/vite/dist/node/chunks/dep-BK3b2jBa.js:62106:24)
DEPRECATION WARNING [legacy-js-api]: The legacy JS API is deprecated and will be removed in Dart Sass 2.0.0.

More info: https://sass-lang.com/d/legacy-js-api

DEPRECATION WARNING [import]: Sass @import rules are deprecated and will be removed in Dart Sass 3.0.0.

More info and automated migrator: https://sass-lang.com/d/import

  ╷
1 │ @import "@/assets/styles/variables.scss";@import './variables.scss';
  │         ^^^^^^^^^^^^^^^^^^^^^^^^^^^^^^^^
  ╵
    src\assets\styles\global.scss 1:9  root stylesheet

DEPRECATION WARNING [import]: Sass @import rules are deprecated and will be removed in Dart Sass 3.0.0.

More info and automated migrator: https://sass-lang.com/d/import

  ╷
1 │ @import "@/assets/styles/variables.scss";@import './variables.scss';
  │                                                  ^^^^^^^^^^^^^^^^^^
  ╵
    src\assets\styles\global.scss 1:50  root stylesheet

DEPRECATION WARNING [global-builtin]: Global built-in functions are deprecated and will be removed in Dart Sass 3.0.0.
Use color.adjust instead.

More info and automated migrator: https://sass-lang.com/d/import

   ╷
56 │   background: linear-gradient(135deg, $primary-color 0%, darken($primary-color, 10%) 100%);
   │                                                          ^^^^^^^^^^^^^^^^^^^^^^^^^^^
   ╵
    src\assets\styles\global.scss 56:58  root stylesheet

DEPRECATION WARNING [color-functions]: darken() is deprecated. Suggestions:

color.scale($color, $lightness: -18.4115523466%)
color.adjust($color, $lightness: -10%)

More info: https://sass-lang.com/d/color-functions

   ╷
56 │   background: linear-gradient(135deg, $primary-color 0%, darken($primary-color, 10%) 100%);
   │                                                          ^^^^^^^^^^^^^^^^^^^^^^^^^^^
   ╵
    src\assets\styles\global.scss 56:58  root stylesheet

DEPRECATION WARNING [legacy-js-api]: The legacy JS API is deprecated and will be removed in Dart Sass 2.0.0.

More info: https://sass-lang.com/d/legacy-js-api

DEPRECATION WARNING [import]: Sass @import rules are deprecated and will be removed in Dart Sass 3.0.0.

More info and automated migrator: https://sass-lang.com/d/import

  ╷
1 │ @import "@/assets/styles/variables.scss";
  │         ^^^^^^^^^^^^^^^^^^^^^^^^^^^^^^^^
  ╵
    src\views\sales\SalesWorkbench.vue 1:9  root stylesheet

