
> ai-blasting-toolset@1.0.0 dev
> vite --host 0.0.0.0 --port 9000 --host 0.0.0.0


  [32m[1mVITE[22m v5.4.21[39m  [2mready in [0m[1m977[22m[2m[0m ms[22m

  [32m➜[39m  [1mLocal[22m:   [36mhttp://localhost:[1m9000[22m/[39m
  [32m➜[39m  [1mNetwork[22m: [36mhttp://172.28.80.1:[1m9000[22m/[39m
  [32m➜[39m  [1mNetwork[22m: [36mhttp://10.51.22.46:[1m9000[22m/[39m
  [32m➜[39m  [1mNetwork[22m: [36mhttp://172.23.0.1:[1m9000[22m/[39m
[2m[32m  ➜[39m[22m[2m  press [22m[1mh + enter[22m[2m to show help[22m
DEPRECATION WARNING [legacy-js-api]: The legacy JS API is deprecated and will be removed in Dart Sass 2.0.0.

More info: https://sass-lang.com/d/legacy-js-api

DEPRECATION WARNING [import]: Sass @import rules are deprecated and will be removed in Dart Sass 3.0.0.

More info and automated migrator: https://sass-lang.com/d/import

  ╷
1 │ @import "@/assets/styles/variables.scss";@import './variables.scss';
  │         ^^^^^^^^^^^^^^^^^^^^^^^^^^^^^^^^
  ╵
    src\assets\styles\global.scss 1:9  root stylesheet

DEPRECATION WARNING [import]: Sass @import rules are deprecated and will be removed in Dart Sass 3.0.0.

More info and automated migrator: https://sass-lang.com/d/import

  ╷
1 │ @import "@/assets/styles/variables.scss";@import './variables.scss';
  │                                                  ^^^^^^^^^^^^^^^^^^
  ╵
    src\assets\styles\global.scss 1:50  root stylesheet

DEPRECATION WARNING [global-builtin]: Global built-in functions are deprecated and will be removed in Dart Sass 3.0.0.
Use color.adjust instead.

More info and automated migrator: https://sass-lang.com/d/import

   ╷
56 │   background: linear-gradient(135deg, $primary-color 0%, darken($primary-color, 10%) 100%);
   │                                                          ^^^^^^^^^^^^^^^^^^^^^^^^^^^
   ╵
    src\assets\styles\global.scss 56:58  root stylesheet

DEPRECATION WARNING [color-functions]: darken() is deprecated. Suggestions:

color.scale($color, $lightness: -18.4115523466%)
color.adjust($color, $lightness: -10%)

More info: https://sass-lang.com/d/color-functions

   ╷
56 │   background: linear-gradient(135deg, $primary-color 0%, darken($primary-color, 10%) 100%);
   │                                                          ^^^^^^^^^^^^^^^^^^^^^^^^^^^
   ╵
    src\assets\styles\global.scss 56:58  root stylesheet

[2m18:27:36[22m [36m[1m[vite][22m[39m [32mhmr update [39m[2m/src/views/knowledge/VersionHistory.vue[22m
[2m18:27:56[22m [36m[1m[vite][22m[39m [32mhmr update [39m[2m/src/views/knowledge/VersionHistory.vue[22m
[2m18:42:29[22m [36m[1m[vite][22m[39m [32mhmr update [39m[2m/src/views/knowledge/VersionHistory.vue[22m
[2m18:42:38[22m [36m[1m[vite][22m[39m [32mhmr update [39m[2m/src/views/knowledge/VersionHistory.vue[22m
[2m18:43:05[22m [36m[1m[vite][22m[39m [32mhmr update [39m[2m/src/views/knowledge/VersionHistory.vue[22m
[2m18:43:16[22m [36m[1m[vite][22m[39m [32mhmr update [39m[2m/src/views/knowledge/VersionHistory.vue?vue&type=style&index=0&scoped=622449b8&lang.css[22m
[2m09:25:17[22m [36m[1m[vite][22m[39m [32mhmr update [39m[2m/src/views/knowledge/VersionHistory.vue[22m
[2m09:25:27[22m [36m[1m[vite][22m[39m [32mhmr update [39m[2m/src/views/knowledge/VersionHistory.vue?vue&type=style&index=0&scoped=622449b8&lang.css[22m
[2m09:25:40[22m [36m[1m[vite][22m[39m [32mhmr update [39m[2m/src/views/knowledge/VersionHistory.vue?vue&type=style&index=0&scoped=622449b8&lang.css[22m
[2m09:25:43[22m [36m[1m[vite][22m[39m [32mhmr update [39m[2m/src/views/knowledge/VersionHistory.vue?vue&type=style&index=0&scoped=622449b8&lang.css[22m
[2m09:25:47[22m [36m[1m[vite][22m[39m [32mhmr update [39m[2m/src/views/knowledge/VersionHistory.vue?vue&type=style&index=0&scoped=622449b8&lang.css[22m
[2m09:30:43[22m [36m[1m[vite][22m[39m [32mhmr update [39m[2m/src/views/knowledge/VersionHistory.vue[22m
[2m09:30:45[22m [36m[1m[vite][22m[39m [32mhmr update [39m[2m/src/views/knowledge/VersionHistory.vue[22m
[2m09:31:16[22m [36m[1m[vite][22m[39m [32mhmr update [39m[2m/src/views/knowledge/VersionHistory.vue[22m
[2m09:32:58[22m [36m[1m[vite][22m[39m [32mhmr update [39m[2m/src/views/knowledge/VersionHistory.vue[22m
[2m09:33:45[22m [36m[1m[vite][22m[39m [32mhmr update [39m[2m/src/views/knowledge/VersionHistory.vue?vue&type=style&index=0&scoped=622449b8&lang.css[22m
[2m09:39:33[22m [36m[1m[vite][22m[39m [32mhmr update [39m[2m/src/views/knowledge/VersionHistory.vue[22m
[2m09:39:50[22m [36m[1m[vite][22m[39m [32mhmr update [39m[2m/src/views/knowledge/VersionHistory.vue[22m
[2m09:39:50[22m [31m[1m[vite][22m[39m [31mInternal server error: Element is missing end tag.[39m
  Plugin: [35mvite:vue[39m
  File: [36mE:/tools20260623/src/views/knowledge/VersionHistory.vue[39m:654:9
[33m  652|  
  653|          <!-- 筛选栏 + 版本列表（进入即展示，无需先选区域） -->
  654|          <div>
     |           ^
  655|            <!-- 筛选栏 -->
  656|            <div class="filter-bar">[39m
      at createCompilerError (E:\tools20260623\node_modules\@vue\compiler-core\dist\compiler-core.cjs.js:1378:17)
      at emitError (E:\tools20260623\node_modules\@vue\compiler-core\dist\compiler-core.cjs.js:3014:5)
      at Object.onclosetag (E:\tools20260623\node_modules\@vue\compiler-core\dist\compiler-core.cjs.js:2381:13)
      at Tokenizer.stateInClosingTagName (E:\tools20260623\node_modules\@vue\compiler-core\dist\compiler-core.cjs.js:799:16)
      at Tokenizer.parse (E:\tools20260623\node_modules\@vue\compiler-core\dist\compiler-core.cjs.js:1157:16)
      at Object.baseParse (E:\tools20260623\node_modules\@vue\compiler-core\dist\compiler-core.cjs.js:3053:13)
      at Object.parse (E:\tools20260623\node_modules\@vue\compiler-dom\dist\compiler-dom.cjs.js:910:23)
      at Object.parse$1 [as parse] (E:\tools20260623\node_modules\@vue\compiler-sfc\dist\compiler-sfc.cjs.js:1824:24)
      at createDescriptor (file:///E:/tools20260623/node_modules/@vitejs/plugin-vue/dist/index.mjs:71:43)
      at handleHotUpdate (file:///E:/tools20260623/node_modules/@vitejs/plugin-vue/dist/index.mjs:2198:26)
[2m09:40:12[22m [36m[1m[vite][22m[39m [32mhmr update [39m[2m/src/views/knowledge/VersionHistory.vue[22m
[2m09:41:18[22m [36m[1m[vite][22m[39m [32mhmr update [39m[2m/src/views/knowledge/VersionHistory.vue?vue&type=style&index=0&scoped=622449b8&lang.css[22m
[2m09:49:47[22m [36m[1m[vite][22m[39m [32mhmr update [39m[2m/src/views/knowledge/VersionHistory.vue[22m
[2m09:49:55[22m [36m[1m[vite][22m[39m [32mhmr update [39m[2m/src/views/knowledge/VersionHistory.vue[22m
[2m09:50:20[22m [36m[1m[vite][22m[39m [32mhmr update [39m[2m/src/views/knowledge/VersionHistory.vue?vue&type=style&index=0&scoped=622449b8&lang.css[22m
[2m09:50:53[22m [36m[1m[vite][22m[39m [32mhmr update [39m[2m/src/views/knowledge/VersionHistory.vue?vue&type=style&index=0&scoped=622449b8&lang.css[22m
[2m09:50:56[22m [36m[1m[vite][22m[39m [32mhmr update [39m[2m/src/views/knowledge/VersionHistory.vue?vue&type=style&index=0&scoped=622449b8&lang.css[22m
[2m10:03:06[22m [36m[1m[vite][22m[39m [32mhmr update [39m[2m/src/views/knowledge/VersionHistory.vue[22m
[2m10:08:42[22m [36m[1m[vite][22m[39m [32mhmr update [39m[2m/src/views/knowledge/DeviceVersionTab.vue, /src/views/knowledge/DeviceVersionTab.vue?vue&type=style&index=0&scoped=39d28e11&lang.css[22m
[2m10:29:27[22m [36m[1m[vite][22m[39m [32mhmr update [39m[2m/src/views/knowledge/DeviceVersionTab.vue, /src/views/knowledge/DeviceVersionTab.vue?vue&type=style&index=0&scoped=39d28e11&lang.css[22m
[2m10:34:24[22m [36m[1m[vite][22m[39m [32mhmr update [39m[2m/src/views/knowledge/DeviceVersionTab.vue[22m
[2m10:34:24[22m [31m[1m[vite][22m[39m [31mInternal server error: Element is missing end tag.[39m
  Plugin: [35mvite:vue[39m
  File: [36mE:/tools20260623/src/views/knowledge/DeviceVersionTab.vue[39m:243:5
[33m  241|  
  242|      <!-- ==================== 新增版本对话框 ==================== -->
  243|      <Teleport to="body">
     |       ^
  244|      <div v-if="showAddVersionDialog" class="add-version-modal" @click.self="showAddVersionDialog = false">
  245|        <div class="add-version-dialog">[39m
      at createCompilerError (E:\tools20260623\node_modules\@vue\compiler-core\dist\compiler-core.cjs.js:1378:17)
      at emitError (E:\tools20260623\node_modules\@vue\compiler-core\dist\compiler-core.cjs.js:3014:5)
      at Object.onclosetag (E:\tools20260623\node_modules\@vue\compiler-core\dist\compiler-core.cjs.js:2381:13)
      at Tokenizer.stateInClosingTagName (E:\tools20260623\node_modules\@vue\compiler-core\dist\compiler-core.cjs.js:799:16)
      at Tokenizer.parse (E:\tools20260623\node_modules\@vue\compiler-core\dist\compiler-core.cjs.js:1157:16)
      at Object.baseParse (E:\tools20260623\node_modules\@vue\compiler-core\dist\compiler-core.cjs.js:3053:13)
      at Object.parse (E:\tools20260623\node_modules\@vue\compiler-dom\dist\compiler-dom.cjs.js:910:23)
      at Object.parse$1 [as parse] (E:\tools20260623\node_modules\@vue\compiler-sfc\dist\compiler-sfc.cjs.js:1824:24)
      at createDescriptor (file:///E:/tools20260623/node_modules/@vitejs/plugin-vue/dist/index.mjs:71:43)
      at handleHotUpdate (file:///E:/tools20260623/node_modules/@vitejs/plugin-vue/dist/index.mjs:2198:26)
[2m10:34:33[22m [36m[1m[vite][22m[39m [32mhmr update [39m[2m/src/views/knowledge/DeviceVersionTab.vue[22m
[2m11:08:13[22m [36m[1m[vite][22m[39m [32mhmr update [39m[2m/src/views/knowledge/DeviceVersionTab.vue?vue&type=style&index=0&scoped=39d28e11&lang.css[22m
[2m11:49:45[22m [36m[1m[vite][22m[39m [32mhmr update [39m[2m/src/views/knowledge/DeviceVersionTab.vue, /src/views/knowledge/DeviceVersionTab.vue?vue&type=style&index=0&scoped=39d28e11&lang.css[22m
[2m12:00:11[22m [36m[1m[vite][22m[39m [32mhmr update [39m[2m/src/views/knowledge/DeviceVersionTab.vue[22m
[2m12:00:22[22m [36m[1m[vite][22m[39m [32mhmr update [39m[2m/src/views/knowledge/DeviceVersionTab.vue[22m
[2m12:00:39[22m [36m[1m[vite][22m[39m [32mhmr update [39m[2m/src/views/knowledge/DeviceVersionTab.vue[22m
[2m12:00:48[22m [36m[1m[vite][22m[39m [32mhmr update [39m[2m/src/views/knowledge/DeviceVersionTab.vue[22m
[2m13:22:15[22m [36m[1m[vite][22m[39m [32mhmr update [39m[2m/src/views/knowledge/DeviceVersionTab.vue[22m
[2m13:22:52[22m [36m[1m[vite][22m[39m [32mhmr update [39m[2m/src/views/knowledge/DeviceVersionTab.vue[22m
[2m13:23:07[22m [36m[1m[vite][22m[39m [32mhmr update [39m[2m/src/views/knowledge/DeviceVersionTab.vue[22m
[2m13:23:16[22m [36m[1m[vite][22m[39m [32mhmr update [39m[2m/src/views/knowledge/DeviceVersionTab.vue[22m
[2m13:23:25[22m [36m[1m[vite][22m[39m [32mhmr update [39m[2m/src/views/knowledge/DeviceVersionTab.vue[22m
[2m13:23:37[22m [36m[1m[vite][22m[39m [32mhmr update [39m[2m/src/views/knowledge/DeviceVersionTab.vue?vue&type=style&index=0&scoped=39d28e11&lang.css[22m
[2m13:28:50[22m [36m[1m[vite][22m[39m [32mhmr update [39m[2m/src/views/knowledge/DeviceVersionTab.vue[22m
[2m13:29:03[22m [36m[1m[vite][22m[39m [32mhmr update [39m[2m/src/views/knowledge/DeviceVersionTab.vue[22m
[2m13:29:14[22m [36m[1m[vite][22m[39m [32mhmr update [39m[2m/src/views/knowledge/DeviceVersionTab.vue[22m
[2m13:29:23[22m [36m[1m[vite][22m[39m [32mhmr update [39m[2m/src/views/knowledge/DeviceVersionTab.vue[22m
[2m13:29:33[22m [36m[1m[vite][22m[39m [32mhmr update [39m[2m/src/views/knowledge/DeviceVersionTab.vue[22m
[2m13:29:36[22m [36m[1m[vite][22m[39m [32mhmr update [39m[2m/src/views/knowledge/DeviceVersionTab.vue?vue&type=style&index=0&scoped=39d28e11&lang.css[22m
[2m13:29:46[22m [36m[1m[vite][22m[39m [32mhmr update [39m[2m/src/views/knowledge/DeviceVersionTab.vue?vue&type=style&index=0&scoped=39d28e11&lang.css[22m
[2m13:34:44[22m [36m[1m[vite][22m[39m [32mhmr update [39m[2m/src/views/knowledge/DeviceVersionTab.vue[22m
[2m14:35:55[22m [36m[1m[vite][22m[39m [32mhmr update [39m[2m/src/views/knowledge/DeviceVersionTab.vue[22m
[2m14:36:00[22m [36m[1m[vite][22m[39m [32mhmr update [39m[2m/src/views/knowledge/DeviceVersionTab.vue[22m
[2m14:36:02[22m [36m[1m[vite][22m[39m [32mhmr update [39m[2m/src/views/knowledge/DeviceVersionTab.vue[22m
[2m14:36:05[22m [36m[1m[vite][22m[39m [32mhmr update [39m[2m/src/views/knowledge/DeviceVersionTab.vue[22m
[2m14:36:07[22m [36m[1m[vite][22m[39m [32mhmr update [39m[2m/src/views/knowledge/DeviceVersionTab.vue[22m
[2m14:36:13[22m [36m[1m[vite][22m[39m [32mhmr update [39m[2m/src/views/knowledge/DeviceVersionTab.vue[22m
[2m14:36:15[22m [36m[1m[vite][22m[39m [32mhmr update [39m[2m/src/views/knowledge/DeviceVersionTab.vue[22m
[2m14:36:17[22m [36m[1m[vite][22m[39m [32mhmr update [39m[2m/src/views/knowledge/DeviceVersionTab.vue[22m
[2m14:36:18[22m [36m[1m[vite][22m[39m [32mhmr update [39m[2m/src/views/knowledge/DeviceVersionTab.vue[22m
[2m14:37:25[22m [36m[1m[vite][22m[39m [32mhmr update [39m[2m/src/views/knowledge/DeviceVersionTab.vue[22m
[2m14:37:27[22m [36m[1m[vite][22m[39m [32mhmr update [39m[2m/src/views/knowledge/DeviceVersionTab.vue[22m
[2m15:04:50[22m [36m[1m[vite][22m[39m [32mhmr update [39m[2m/src/views/knowledge/DeviceVersionTab.vue[22m
[2m18:00:00[22m [36m[1m[vite][22m[39m [32mhmr update [39m[2m/src/views/knowledge/DeviceVersionTab.vue[22m
[2m18:00:02[22m [36m[1m[vite][22m[39m [32mhmr update [39m[2m/src/views/knowledge/DeviceVersionTab.vue[22m
[2m18:00:04[22m [36m[1m[vite][22m[39m [32mhmr update [39m[2m/src/views/knowledge/DeviceVersionTab.vue[22m
[2m18:00:06[22m [36m[1m[vite][22m[39m [32mhmr update [39m[2m/src/views/knowledge/DeviceVersionTab.vue[22m
[2m18:00:07[22m [36m[1m[vite][22m[39m [32mhmr update [39m[2m/src/views/knowledge/DeviceVersionTab.vue[22m
[2m18:00:09[22m [36m[1m[vite][22m[39m [32mhmr update [39m[2m/src/views/knowledge/DeviceVersionTab.vue[22m
[2m18:25:02[22m [36m[1m[vite][22m[39m [32mhmr update [39m[2m/src/views/knowledge/DeviceVersionTab.vue[22m
[2m18:25:04[22m [36m[1m[vite][22m[39m [32mhmr update [39m[2m/src/views/knowledge/DeviceVersionTab.vue[22m
[2m18:25:05[22m [36m[1m[vite][22m[39m [32mhmr update [39m[2m/src/views/knowledge/DeviceVersionTab.vue[22m
[2m18:25:06[22m [36m[1m[vite][22m[39m [32mhmr update [39m[2m/src/views/knowledge/DeviceVersionTab.vue[22m
[2m18:47:28[22m [36m[1m[vite][22m[39m [32mhmr update [39m[2m/src/views/knowledge/DeviceVersionTab.vue[22m
[2m18:47:30[22m [36m[1m[vite][22m[39m [32mhmr update [39m[2m/src/views/knowledge/DeviceVersionTab.vue[22m
[2m18:47:32[22m [36m[1m[vite][22m[39m [32mhmr update [39m[2m/src/views/knowledge/DeviceVersionTab.vue[22m
[2m19:44:54[22m [36m[1m[vite][22m[39m [32mhmr update [39m[2m/src/views/knowledge/DeviceVersionTab.vue[22m
[2m19:44:56[22m [36m[1m[vite][22m[39m [32mhmr update [39m[2m/src/views/knowledge/DeviceVersionTab.vue[22m
[2m19:45:01[22m [36m[1m[vite][22m[39m [32mhmr update [39m[2m/src/views/knowledge/DeviceVersionTab.vue[22m
[2m19:45:21[22m [36m[1m[vite][22m[39m [32mhmr update [39m[2m/src/views/knowledge/DeviceVersionTab.vue[22m
[2m19:48:56[22m [36m[1m[vite][22m[39m [32mhmr update [39m[2m/src/views/knowledge/DeviceVersionTab.vue[22m
[2m19:48:58[22m [36m[1m[vite][22m[39m [32mhmr update [39m[2m/src/views/knowledge/DeviceVersionTab.vue[22m
[2m19:49:00[22m [36m[1m[vite][22m[39m [32mhmr update [39m[2m/src/views/knowledge/DeviceVersionTab.vue[22m
[2m19:50:59[22m [36m[1m[vite][22m[39m [32mhmr update [39m[2m/src/views/knowledge/DeviceVersionTab.vue[22m
[2m19:51:04[22m [36m[1m[vite][22m[39m [32mhmr update [39m[2m/src/views/knowledge/DeviceVersionTab.vue[22m
[2m19:51:10[22m [36m[1m[vite][22m[39m [32mhmr update [39m[2m/src/views/knowledge/DeviceVersionTab.vue[22m
[2m19:51:40[22m [36m[1m[vite][22m[39m [32mhmr update [39m[2m/src/views/knowledge/DeviceVersionTab.vue?vue&type=style&index=0&scoped=39d28e11&lang.css[22m
[2m19:51:57[22m [36m[1m[vite][22m[39m [32mhmr update [39m[2m/src/views/knowledge/DeviceVersionTab.vue[22m
[2m19:57:39[22m [36m[1m[vite][22m[39m [32mhmr update [39m[2m/src/views/knowledge/DeviceVersionTab.vue[22m
[2m20:09:44[22m [36m[1m[vite][22m[39m [32mhmr update [39m[2m/src/views/knowledge/DeviceVersionTab.vue[22m
[2m20:09:49[22m [36m[1m[vite][22m[39m [32mhmr update [39m[2m/src/views/knowledge/DeviceVersionTab.vue[22m
[2m20:09:52[22m [36m[1m[vite][22m[39m [32mhmr update [39m[2m/src/views/knowledge/DeviceVersionTab.vue[22m
[2m20:09:59[22m [36m[1m[vite][22m[39m [32mhmr update [39m[2m/src/views/knowledge/DeviceVersionTab.vue[22m
[2m20:10:05[22m [36m[1m[vite][22m[39m [32mhmr update [39m[2m/src/views/knowledge/DeviceVersionTab.vue[22m
[2m20:10:13[22m [36m[1m[vite][22m[39m [32mhmr update [39m[2m/src/views/knowledge/DeviceVersionTab.vue[22m
[2m20:10:15[22m [36m[1m[vite][22m[39m [32mhmr update [39m[2m/src/views/knowledge/DeviceVersionTab.vue[22m
[2m20:10:19[22m [36m[1m[vite][22m[39m [32mhmr update [39m[2m/src/views/knowledge/DeviceVersionTab.vue?vue&type=style&index=0&scoped=39d28e11&lang.css[22m
[2m20:10:23[22m [36m[1m[vite][22m[39m [32mhmr update [39m[2m/src/views/knowledge/DeviceVersionTab.vue[22m
[2m20:15:26[22m [36m[1m[vite][22m[39m [32mhmr update [39m[2m/src/views/knowledge/DeviceVersionTab.vue[22m
[2m20:20:05[22m [36m[1m[vite][22m[39m [32mhmr update [39m[2m/src/views/knowledge/DeviceVersionTab.vue[22m
[2m20:20:12[22m [36m[1m[vite][22m[39m [32mhmr update [39m[2m/src/views/knowledge/DeviceVersionTab.vue[22m
[2m20:20:25[22m [36m[1m[vite][22m[39m [32mhmr update [39m[2m/src/views/knowledge/DeviceVersionTab.vue[22m
[2m20:20:34[22m [36m[1m[vite][22m[39m [32mhmr update [39m[2m/src/views/knowledge/DeviceVersionTab.vue[22m
[2m20:20:46[22m [36m[1m[vite][22m[39m [32mhmr update [39m[2m/src/views/knowledge/DeviceVersionTab.vue?vue&type=style&index=0&scoped=39d28e11&lang.css[22m
[2m09:17:59[22m [36m[1m[vite][22m[39m [32mhmr update [39m[2m/src/views/knowledge/DeviceVersionTab.vue[22m
[2m09:19:17[22m [36m[1m[vite][22m[39m [32mhmr update [39m[2m/src/views/knowledge/DeviceVersionTab.vue[22m
